Component: Arm Compiler for Embedded 6.22 Tool: armlink [5ee90200]

==============================================================================

Section Cross References

    adc.o(.ARM.exidx.text.init_ADC) refers to adc.o(.text.init_ADC) for [Anonymous Symbol]
    adc.o(.ARM.exidx.text.read_adc_LDR) refers to adc.o(.text.read_adc_LDR) for [Anonymous Symbol]
    adc.o(.ARM.exidx.text.read_adc_POT) refers to adc.o(.text.read_adc_POT) for [Anonymous Symbol]
    adc.o(.ARM.exidx.text.read_adc_MIC) refers to adc.o(.text.read_adc_MIC) for [Anonymous Symbol]
    dac.o(.ARM.exidx.text.init_DAC) refers to dac.o(.text.init_DAC) for [Anonymous Symbol]
    dac.o(.ARM.exidx.text.output_dac) refers to dac.o(.text.output_dac) for [Anonymous Symbol]
    main.o(.ARM.exidx.text.PLL_Config) refers to main.o(.text.PLL_Config) for [Anonymous Symbol]
    main.o(.text.main) refers to system_stm32f4xx.o(.text.SystemCoreClockUpdate) for SystemCoreClockUpdate
    main.o(.text.main) refers to adc.o(.text.init_ADC) for init_ADC
    main.o(.text.main) refers to dac.o(.text.init_DAC) for init_DAC
    main.o(.text.main) refers to lcd.o(.text.initLCD) for initLCD
    main.o(.text.main) refers to led.o(.text.InitLED) for InitLED
    main.o(.text.main) refers to buttons.o(.text.InitBut) for InitBut
    main.o(.text.main) refers to usart.o(.text.init_USART) for init_USART
    main.o(.text.main) refers to buzzer.o(.text.INIT_BUZZ) for INIT_BUZZ
    main.o(.text.main) refers to timer.o(.text.Init_BuzzerPitch) for Init_BuzzerPitch
    main.o(.text.main) refers to main.o(.bss.StartUpLock) for StartUpLock
    main.o(.text.main) refers to main.o(.bss.Debounce) for Debounce
    main.o(.text.main) refers to timer.o(.text.Init_Sampling) for Init_Sampling
    main.o(.text.main) refers to timer.o(.text.Init_HoldButton) for Init_HoldButton
    main.o(.text.main) refers to main.o(.bss.LCDTopRow) for LCDTopRow
    main.o(.text.main) refers to lcd.o(.text.cmdLCD) for cmdLCD
    main.o(.text.main) refers to lcd.o(.text.putLCD) for putLCD
    main.o(.text.main) refers to main.o(.bss.ButtonMode) for ButtonMode
    main.o(.text.main) refers to main.o(.bss.BuzzerARRValue) for BuzzerARRValue
    main.o(.text.main) refers to main.o(.bss.BuzzerPSCValue) for BuzzerPSCValue
    main.o(.text.main) refers to main.o(.bss.HoldRelease) for HoldRelease
    main.o(.ARM.exidx.text.main) refers to main.o(.text.main) for [Anonymous Symbol]
    main.o(.text.TIM2_IRQHandler) refers to usart.o(.text.CurrentMode) for CurrentMode
    main.o(.text.TIM2_IRQHandler) refers to usart.o(.text.POTPuTTyDisplay) for POTPuTTyDisplay
    main.o(.text.TIM2_IRQHandler) refers to usart.o(.text.LDRPuTTyDisplay) for LDRPuTTyDisplay
    main.o(.text.TIM2_IRQHandler) refers to usart.o(.text.MICPuTTyDisplay) for MICPuTTyDisplay
    main.o(.text.TIM2_IRQHandler) refers to main.o(.bss.RedFlash) for RedFlash
    main.o(.ARM.exidx.text.TIM2_IRQHandler) refers to main.o(.text.TIM2_IRQHandler) for [Anonymous Symbol]
    main.o(.text.TIM3_IRQHandler) refers to main.o(.bss.HoldRelease) for HoldRelease
    main.o(.text.TIM3_IRQHandler) refers to lcd.o(.text.cmdLCD) for cmdLCD
    main.o(.text.TIM3_IRQHandler) refers to lcd.o(.text.putLCD) for putLCD
    main.o(.text.TIM3_IRQHandler) refers to main.o(.bss.LCDTopRow) for LCDTopRow
    main.o(.ARM.exidx.text.TIM3_IRQHandler) refers to main.o(.text.TIM3_IRQHandler) for [Anonymous Symbol]
    main.o(.text.TIM5_IRQHandler) refers to main.o(.bss.i) for i
    main.o(.text.TIM5_IRQHandler) refers to main.o(.data.BuzzerDuration) for BuzzerDuration
    main.o(.ARM.exidx.text.TIM5_IRQHandler) refers to main.o(.text.TIM5_IRQHandler) for [Anonymous Symbol]
    lcd.o(.text.lcd_delayus) refers to system_stm32f4xx.o(.data.SystemCoreClock) for SystemCoreClock
    lcd.o(.ARM.exidx.text.lcd_delayus) refers to lcd.o(.text.lcd_delayus) for [Anonymous Symbol]
    lcd.o(.text.WaitLcdBusy) refers to lcd.o(.text.lcd_delayus) for lcd_delayus
    lcd.o(.ARM.exidx.text.WaitLcdBusy) refers to lcd.o(.text.WaitLcdBusy) for [Anonymous Symbol]
    lcd.o(.ARM.exidx.text.set_LCD_data) refers to lcd.o(.text.set_LCD_data) for [Anonymous Symbol]
    lcd.o(.text.LCD_strobe) refers to lcd.o(.text.lcd_delayus) for lcd_delayus
    lcd.o(.ARM.exidx.text.LCD_strobe) refers to lcd.o(.text.LCD_strobe) for [Anonymous Symbol]
    lcd.o(.text.cmdLCD) refers to lcd.o(.text.WaitLcdBusy) for WaitLcdBusy
    lcd.o(.text.cmdLCD) refers to lcd.o(.text.set_LCD_data) for set_LCD_data
    lcd.o(.text.cmdLCD) refers to lcd.o(.text.LCD_strobe) for LCD_strobe
    lcd.o(.ARM.exidx.text.cmdLCD) refers to lcd.o(.text.cmdLCD) for [Anonymous Symbol]
    lcd.o(.text.putLCD) refers to lcd.o(.text.WaitLcdBusy) for WaitLcdBusy
    lcd.o(.text.putLCD) refers to lcd.o(.text.set_LCD_data) for set_LCD_data
    lcd.o(.text.putLCD) refers to lcd.o(.text.LCD_strobe) for LCD_strobe
    lcd.o(.ARM.exidx.text.putLCD) refers to lcd.o(.text.putLCD) for [Anonymous Symbol]
    lcd.o(.text.initLCD) refers to system_stm32f4xx.o(.text.SystemCoreClockUpdate) for SystemCoreClockUpdate
    lcd.o(.text.initLCD) refers to lcd.o(.text.lcd_delayus) for lcd_delayus
    lcd.o(.text.initLCD) refers to lcd.o(.text.cmdLCD) for cmdLCD
    lcd.o(.ARM.exidx.text.initLCD) refers to lcd.o(.text.initLCD) for [Anonymous Symbol]
    timer.o(.ARM.exidx.text.Init_Sampling) refers to timer.o(.text.Init_Sampling) for [Anonymous Symbol]
    timer.o(.ARM.exidx.text.Init_HoldButton) refers to timer.o(.text.Init_HoldButton) for [Anonymous Symbol]
    timer.o(.text.Init_BuzzerPitch) refers to main.o(.bss.BuzzerPSCValue) for BuzzerPSCValue
    timer.o(.text.Init_BuzzerPitch) refers to timer.o(.data.PSCArray) for PSCArray
    timer.o(.text.Init_BuzzerPitch) refers to main.o(.bss.BuzzerARRValue) for BuzzerARRValue
    timer.o(.text.Init_BuzzerPitch) refers to timer.o(.data.ARRArray) for ARRArray
    timer.o(.ARM.exidx.text.Init_BuzzerPitch) refers to timer.o(.text.Init_BuzzerPitch) for [Anonymous Symbol]
    buttons.o(.ARM.exidx.text.InitBut) refers to buttons.o(.text.InitBut) for [Anonymous Symbol]
    buzzer.o(.ARM.exidx.text.INIT_BUZZ) refers to buzzer.o(.text.INIT_BUZZ) for [Anonymous Symbol]
    buzzer.o(.ARM.exidx.text.ON) refers to buzzer.o(.text.ON) for [Anonymous Symbol]
    buzzer.o(.ARM.exidx.text.OFF) refers to buzzer.o(.text.OFF) for [Anonymous Symbol]
    led.o(.ARM.exidx.text.InitLED) refers to led.o(.text.InitLED) for [Anonymous Symbol]
    usart.o(.ARM.exidx.text.send_usart) refers to usart.o(.text.send_usart) for [Anonymous Symbol]
    usart.o(.text.init_USART) refers to system_stm32f4xx.o(.data.SystemCoreClock) for SystemCoreClock
    usart.o(.ARM.exidx.text.init_USART) refers to usart.o(.text.init_USART) for [Anonymous Symbol]
    usart.o(.text.LDRPuTTyDisplay) refers to adc.o(.text.read_adc_LDR) for read_adc_LDR
    usart.o(.text.LDRPuTTyDisplay) refers to usart.o(.bss.LDRVoltage) for LDRVoltage
    usart.o(.text.LDRPuTTyDisplay) refers to usart.o(.bss.LDRValue) for LDRValue
    usart.o(.text.LDRPuTTyDisplay) refers to usart.o(.text.send_usart) for send_usart
    usart.o(.ARM.exidx.text.LDRPuTTyDisplay) refers to usart.o(.text.LDRPuTTyDisplay) for [Anonymous Symbol]
    usart.o(.text.POTPuTTyDisplay) refers to adc.o(.text.read_adc_POT) for read_adc_POT
    usart.o(.text.POTPuTTyDisplay) refers to usart.o(.bss.POTVoltage) for POTVoltage
    usart.o(.text.POTPuTTyDisplay) refers to usart.o(.bss.POTValue) for POTValue
    usart.o(.text.POTPuTTyDisplay) refers to usart.o(.text.send_usart) for send_usart
    usart.o(.ARM.exidx.text.POTPuTTyDisplay) refers to usart.o(.text.POTPuTTyDisplay) for [Anonymous Symbol]
    usart.o(.text.MICPuTTyDisplay) refers to adc.o(.text.read_adc_MIC) for read_adc_MIC
    usart.o(.text.MICPuTTyDisplay) refers to usart.o(.bss.POTVoltage) for POTVoltage
    usart.o(.text.MICPuTTyDisplay) refers to usart.o(.bss.MICValue) for MICValue
    usart.o(.text.MICPuTTyDisplay) refers to usart.o(.text.send_usart) for send_usart
    usart.o(.text.MICPuTTyDisplay) refers to usart.o(.bss.MICVoltage) for MICVoltage
    usart.o(.ARM.exidx.text.MICPuTTyDisplay) refers to usart.o(.text.MICPuTTyDisplay) for [Anonymous Symbol]
    usart.o(.text.CurrentMode) refers to main.o(.bss.ButtonMode) for ButtonMode
    usart.o(.text.CurrentMode) refers to usart.o(.text.send_usart) for send_usart
    usart.o(.ARM.exidx.text.CurrentMode) refers to usart.o(.text.CurrentMode) for [Anonymous Symbol]
    startup_stm32f429xx.o(STACK) refers (Special) to heapauxi.o(.text) for __use_two_region_memory
    startup_stm32f429xx.o(HEAP) refers (Special) to heapauxi.o(.text) for __use_two_region_memory
    startup_stm32f429xx.o(RESET) refers (Special) to heapauxi.o(.text) for __use_two_region_memory
    startup_stm32f429xx.o(RESET) refers to startup_stm32f429xx.o(STACK) for __initial_sp
    startup_stm32f429xx.o(RESET) refers to startup_stm32f429xx.o(.text) for Reset_Handler
    startup_stm32f429xx.o(RESET) refers to main.o(.text.TIM2_IRQHandler) for TIM2_IRQHandler
    startup_stm32f429xx.o(RESET) refers to main.o(.text.TIM3_IRQHandler) for TIM3_IRQHandler
    startup_stm32f429xx.o(RESET) refers to main.o(.text.TIM5_IRQHandler) for TIM5_IRQHandler
    startup_stm32f429xx.o(.text) refers (Special) to heapauxi.o(.text) for __use_two_region_memory
    startup_stm32f429xx.o(.text) refers to system_stm32f4xx.o(.text.SystemInit) for SystemInit
    startup_stm32f429xx.o(.text) refers to __main.o(!!!main) for __main
    startup_stm32f429xx.o(.text) refers to startup_stm32f429xx.o(HEAP) for Heap_Mem
    startup_stm32f429xx.o(.text) refers to startup_stm32f429xx.o(STACK) for Stack_Mem
    system_stm32f4xx.o(.ARM.exidx.text.SystemInit) refers to system_stm32f4xx.o(.text.SystemInit) for [Anonymous Symbol]
    system_stm32f4xx.o(.text.SystemCoreClockUpdate) refers to system_stm32f4xx.o(.data.SystemCoreClock) for SystemCoreClock
    system_stm32f4xx.o(.text.SystemCoreClockUpdate) refers to system_stm32f4xx.o(.rodata.AHBPrescTable) for AHBPrescTable
    system_stm32f4xx.o(.ARM.exidx.text.SystemCoreClockUpdate) refers to system_stm32f4xx.o(.text.SystemCoreClockUpdate) for [Anonymous Symbol]
    __main.o(!!!main) refers to __rtentry.o(.ARM.Collect$$rtentry$$00000000) for __rt_entry
    __rtentry.o(.ARM.Collect$$rtentry$$00000000) refers (Special) to __rtentry2.o(.ARM.Collect$$rtentry$$0000000A) for __rt_entry_li
    __rtentry.o(.ARM.Collect$$rtentry$$00000000) refers (Special) to __rtentry2.o(.ARM.Collect$$rtentry$$0000000D) for __rt_entry_main
    __rtentry.o(.ARM.Collect$$rtentry$$00000000) refers (Special) to __rtentry2.o(.ARM.Collect$$rtentry$$0000000C) for __rt_entry_postli_1
    __rtentry.o(.ARM.Collect$$rtentry$$00000000) refers (Special) to __rtentry2.o(.ARM.Collect$$rtentry$$00000009) for __rt_entry_postsh_1
    __rtentry.o(.ARM.Collect$$rtentry$$00000000) refers (Special) to __rtentry2.o(.ARM.Collect$$rtentry$$00000002) for __rt_entry_presh_1
    __rtentry.o(.ARM.Collect$$rtentry$$00000000) refers (Special) to __rtentry4.o(.ARM.Collect$$rtentry$$00000004) for __rt_entry_sh
    __rtentry2.o(.ARM.Collect$$rtentry$$00000008) refers to boardinit2.o(.text) for _platform_post_stackheap_init
    __rtentry2.o(.ARM.Collect$$rtentry$$0000000A) refers to libinit.o(.ARM.Collect$$libinit$$00000000) for __rt_lib_init
    __rtentry2.o(.ARM.Collect$$rtentry$$0000000B) refers to boardinit3.o(.text) for _platform_post_lib_init
    __rtentry2.o(.ARM.Collect$$rtentry$$0000000D) refers to main.o(.text.main) for main
    __rtentry2.o(.ARM.Collect$$rtentry$$0000000D) refers to exit.o(.text) for exit
    __rtentry2.o(.ARM.exidx) refers to __rtentry2.o(.ARM.Collect$$rtentry$$00000001) for .ARM.Collect$$rtentry$$00000001
    __rtentry2.o(.ARM.exidx) refers to __rtentry2.o(.ARM.Collect$$rtentry$$00000008) for .ARM.Collect$$rtentry$$00000008
    __rtentry2.o(.ARM.exidx) refers to __rtentry2.o(.ARM.Collect$$rtentry$$0000000A) for .ARM.Collect$$rtentry$$0000000A
    __rtentry2.o(.ARM.exidx) refers to __rtentry2.o(.ARM.Collect$$rtentry$$0000000B) for .ARM.Collect$$rtentry$$0000000B
    __rtentry2.o(.ARM.exidx) refers to __rtentry2.o(.ARM.Collect$$rtentry$$0000000D) for .ARM.Collect$$rtentry$$0000000D
    __rtentry4.o(.ARM.Collect$$rtentry$$00000004) refers to sys_stackheap_outer.o(.text) for __user_setup_stackheap
    __rtentry4.o(.ARM.exidx) refers to __rtentry4.o(.ARM.Collect$$rtentry$$00000004) for .ARM.Collect$$rtentry$$00000004
    sys_stackheap_outer.o(.text) refers to libspace.o(.text) for __user_perproc_libspace
    sys_stackheap_outer.o(.text) refers to startup_stm32f429xx.o(.text) for __user_initial_stackheap
    exit.o(.text) refers to rtexit.o(.ARM.Collect$$rtexit$$00000000) for __rt_exit
    libinit.o(.ARM.Collect$$libinit$$00000000) refers (Special) to libinit2.o(.ARM.Collect$$libinit$$00000030) for __rt_lib_init_alloca_1
    libinit.o(.ARM.Collect$$libinit$$00000000) refers (Special) to libinit2.o(.ARM.Collect$$libinit$$0000002E) for __rt_lib_init_argv_1
    libinit.o(.ARM.Collect$$libinit$$00000000) refers (Special) to libinit2.o(.ARM.Collect$$libinit$$0000001D) for __rt_lib_init_atexit_1
    libinit.o(.ARM.Collect$$libinit$$00000000) refers (Special) to libinit2.o(.ARM.Collect$$libinit$$00000023) for __rt_lib_init_clock_1
    libinit.o(.ARM.Collect$$libinit$$00000000) refers (Special) to libinit2.o(.ARM.Collect$$libinit$$00000034) for __rt_lib_init_cpp_1
    libinit.o(.ARM.Collect$$libinit$$00000000) refers (Special) to libinit2.o(.ARM.Collect$$libinit$$00000032) for __rt_lib_init_exceptions_1
    libinit.o(.ARM.Collect$$libinit$$00000000) refers (Special) to libinit2.o(.ARM.Collect$$libinit$$00000001) for __rt_lib_init_fp_1
    libinit.o(.ARM.Collect$$libinit$$00000000) refers (Special) to libinit2.o(.ARM.Collect$$libinit$$00000021) for __rt_lib_init_fp_trap_1
    libinit.o(.ARM.Collect$$libinit$$00000000) refers (Special) to libinit2.o(.ARM.Collect$$libinit$$00000025) for __rt_lib_init_getenv_1
    libinit.o(.ARM.Collect$$libinit$$00000000) refers (Special) to libinit2.o(.ARM.Collect$$libinit$$0000000C) for __rt_lib_init_heap_1
    libinit.o(.ARM.Collect$$libinit$$00000000) refers (Special) to libinit2.o(.ARM.Collect$$libinit$$00000013) for __rt_lib_init_lc_collate_1
    libinit.o(.ARM.Collect$$libinit$$00000000) refers (Special) to libinit2.o(.ARM.Collect$$libinit$$00000015) for __rt_lib_init_lc_ctype_1
    libinit.o(.ARM.Collect$$libinit$$00000000) refers (Special) to libinit2.o(.ARM.Collect$$libinit$$00000017) for __rt_lib_init_lc_monetary_1
    libinit.o(.ARM.Collect$$libinit$$00000000) refers (Special) to libinit2.o(.ARM.Collect$$libinit$$00000019) for __rt_lib_init_lc_numeric_1
    libinit.o(.ARM.Collect$$libinit$$00000000) refers (Special) to libinit2.o(.ARM.Collect$$libinit$$0000001B) for __rt_lib_init_lc_time_1
    libinit.o(.ARM.Collect$$libinit$$00000000) refers (Special) to libinit2.o(.ARM.Collect$$libinit$$00000006) for __rt_lib_init_preinit_1
    libinit.o(.ARM.Collect$$libinit$$00000000) refers (Special) to libinit2.o(.ARM.Collect$$libinit$$00000010) for __rt_lib_init_rand_1
    libinit.o(.ARM.Collect$$libinit$$00000000) refers (Special) to libinit2.o(.ARM.Collect$$libinit$$00000004) for __rt_lib_init_relocate_pie_1
    libinit.o(.ARM.Collect$$libinit$$00000000) refers (Special) to libinit2.o(.ARM.Collect$$libinit$$00000035) for __rt_lib_init_return
    libinit.o(.ARM.Collect$$libinit$$00000000) refers (Special) to libinit2.o(.ARM.Collect$$libinit$$0000001F) for __rt_lib_init_signal_1
    libinit.o(.ARM.Collect$$libinit$$00000000) refers (Special) to libinit2.o(.ARM.Collect$$libinit$$00000027) for __rt_lib_init_stdio_1
    libinit.o(.ARM.Collect$$libinit$$00000000) refers (Special) to libinit2.o(.ARM.Collect$$libinit$$0000000E) for __rt_lib_init_user_alloc_1
    libspace.o(.text) refers to libspace.o(.bss) for __libspace_start
    rtexit.o(.ARM.Collect$$rtexit$$00000000) refers (Special) to rtexit2.o(.ARM.Collect$$rtexit$$00000004) for __rt_exit_exit
    rtexit.o(.ARM.Collect$$rtexit$$00000000) refers (Special) to rtexit2.o(.ARM.Collect$$rtexit$$00000003) for __rt_exit_ls
    rtexit.o(.ARM.Collect$$rtexit$$00000000) refers (Special) to rtexit2.o(.ARM.Collect$$rtexit$$00000002) for __rt_exit_prels_1
    rtexit.o(.ARM.exidx) refers (Special) to rtexit2.o(.ARM.Collect$$rtexit$$00000004) for __rt_exit_exit
    rtexit.o(.ARM.exidx) refers (Special) to rtexit2.o(.ARM.Collect$$rtexit$$00000003) for __rt_exit_ls
    rtexit.o(.ARM.exidx) refers (Special) to rtexit2.o(.ARM.Collect$$rtexit$$00000002) for __rt_exit_prels_1
    rtexit.o(.ARM.exidx) refers to rtexit.o(.ARM.Collect$$rtexit$$00000000) for .ARM.Collect$$rtexit$$00000000
    libinit2.o(.ARM.Collect$$libinit$$00000001) refers to fpinit.o(x$fpl$fpinit) for _fp_init
    libinit2.o(.ARM.Collect$$libinit$$00000012) refers to libinit2.o(.ARM.Collect$$libinit$$00000011) for .ARM.Collect$$libinit$$00000011
    libinit2.o(.ARM.Collect$$libinit$$00000014) refers to libinit2.o(.ARM.Collect$$libinit$$00000011) for .ARM.Collect$$libinit$$00000011
    libinit2.o(.ARM.Collect$$libinit$$00000016) refers to libinit2.o(.ARM.Collect$$libinit$$00000011) for .ARM.Collect$$libinit$$00000011
    libinit2.o(.ARM.Collect$$libinit$$00000018) refers to libinit2.o(.ARM.Collect$$libinit$$00000011) for .ARM.Collect$$libinit$$00000011
    libinit2.o(.ARM.Collect$$libinit$$0000001A) refers to libinit2.o(.ARM.Collect$$libinit$$00000011) for .ARM.Collect$$libinit$$00000011
    libinit2.o(.ARM.Collect$$libinit$$00000028) refers to argv_veneer.o(.emb_text) for __ARM_argv_veneer
    libinit2.o(.ARM.Collect$$libinit$$00000029) refers to argv_veneer.o(.emb_text) for __ARM_argv_veneer
    rtexit2.o(.ARM.Collect$$rtexit$$00000003) refers to libshutdown.o(.ARM.Collect$$libshutdown$$00000000) for __rt_lib_shutdown
    rtexit2.o(.ARM.Collect$$rtexit$$00000004) refers to sys_exit.o(.text) for _sys_exit
    rtexit2.o(.ARM.exidx) refers to rtexit2.o(.ARM.Collect$$rtexit$$00000001) for .ARM.Collect$$rtexit$$00000001
    rtexit2.o(.ARM.exidx) refers to rtexit2.o(.ARM.Collect$$rtexit$$00000003) for .ARM.Collect$$rtexit$$00000003
    rtexit2.o(.ARM.exidx) refers to rtexit2.o(.ARM.Collect$$rtexit$$00000004) for .ARM.Collect$$rtexit$$00000004
    argv_veneer.o(.emb_text) refers to no_argv.o(.text) for __ARM_get_argv
    sys_exit.o(.text) refers (Special) to use_no_semi.o(.text) for __I$use$semihosting
    sys_exit.o(.text) refers (Special) to indicate_semi.o(.text) for __semihosting_library_function
    sys_exit_hlt.o(.text) refers (Special) to use_no_semi.o(.text) for __I$use$semihosting
    sys_exit_hlt.o(.text) refers (Special) to indicate_semi.o(.text) for __semihosting_library_function
    _get_argv_nomalloc.o(.text) refers (Special) to hrguard.o(.text) for __heap_region$guard
    _get_argv_nomalloc.o(.text) refers to defsig_rtmem_outer.o(.text) for __rt_SIGRTMEM
    _get_argv_nomalloc.o(.text) refers to sys_command.o(.text) for _sys_command_string
    libshutdown.o(.ARM.Collect$$libshutdown$$00000000) refers (Special) to libshutdown2.o(.ARM.Collect$$libshutdown$$00000002) for __rt_lib_shutdown_cpp_1
    libshutdown.o(.ARM.Collect$$libshutdown$$00000000) refers (Special) to libshutdown2.o(.ARM.Collect$$libshutdown$$00000007) for __rt_lib_shutdown_fp_trap_1
    libshutdown.o(.ARM.Collect$$libshutdown$$00000000) refers (Special) to libshutdown2.o(.ARM.Collect$$libshutdown$$0000000F) for __rt_lib_shutdown_heap_1
    libshutdown.o(.ARM.Collect$$libshutdown$$00000000) refers (Special) to libshutdown2.o(.ARM.Collect$$libshutdown$$00000010) for __rt_lib_shutdown_return
    libshutdown.o(.ARM.Collect$$libshutdown$$00000000) refers (Special) to libshutdown2.o(.ARM.Collect$$libshutdown$$0000000A) for __rt_lib_shutdown_signal_1
    libshutdown.o(.ARM.Collect$$libshutdown$$00000000) refers (Special) to libshutdown2.o(.ARM.Collect$$libshutdown$$00000004) for __rt_lib_shutdown_stdio_1
    libshutdown.o(.ARM.Collect$$libshutdown$$00000000) refers (Special) to libshutdown2.o(.ARM.Collect$$libshutdown$$0000000C) for __rt_lib_shutdown_user_alloc_1
    sys_command.o(.text) refers (Special) to use_no_semi.o(.text) for __I$use$semihosting
    sys_command.o(.text) refers (Special) to indicate_semi.o(.text) for __semihosting_library_function
    sys_command_hlt.o(.text) refers (Special) to use_no_semi.o(.text) for __I$use$semihosting
    sys_command_hlt.o(.text) refers (Special) to indicate_semi.o(.text) for __semihosting_library_function
    defsig_rtmem_outer.o(.text) refers to defsig_rtmem_inner.o(.text) for __rt_SIGRTMEM_inner
    defsig_rtmem_outer.o(.text) refers to defsig_exit.o(.text) for __sig_exit
    defsig_rtmem_formal.o(.text) refers to rt_raise.o(.text) for __rt_raise
    rt_raise.o(.text) refers to __raise.o(.text) for __raise
    rt_raise.o(.text) refers to sys_exit.o(.text) for _sys_exit
    defsig_exit.o(.text) refers to sys_exit.o(.text) for _sys_exit
    defsig_rtmem_inner.o(.text) refers to defsig_general.o(.text) for __default_signal_display
    __raise.o(.text) refers to defsig.o(CL$$defsig) for __default_signal_handler
    defsig_general.o(.text) refers to sys_wrch.o(.text) for _ttywrch
    sys_wrch.o(.text) refers (Special) to use_no_semi.o(.text) for __I$use$semihosting
    sys_wrch.o(.text) refers (Special) to indicate_semi.o(.text) for __semihosting_library_function
    sys_wrch_hlt.o(.text) refers (Special) to use_no_semi.o(.text) for __I$use$semihosting
    sys_wrch_hlt.o(.text) refers (Special) to indicate_semi.o(.text) for __semihosting_library_function
    defsig.o(CL$$defsig) refers to defsig_rtmem_inner.o(.text) for __rt_SIGRTMEM_inner
    defsig_abrt_inner.o(.text) refers to defsig_general.o(.text) for __default_signal_display
    defsig_fpe_inner.o(.text) refers to defsig_general.o(.text) for __default_signal_display
    defsig_rtred_inner.o(.text) refers to defsig_general.o(.text) for __default_signal_display
    defsig_stak_inner.o(.text) refers to defsig_general.o(.text) for __default_signal_display
    defsig_pvfn_inner.o(.text) refers to defsig_general.o(.text) for __default_signal_display
    defsig_cppl_inner.o(.text) refers to defsig_general.o(.text) for __default_signal_display
    defsig_segv_inner.o(.text) refers to defsig_general.o(.text) for __default_signal_display
    defsig_other.o(.text) refers to defsig_general.o(.text) for __default_signal_display


==============================================================================

Removing Unused input sections from the image.

    Removing adc.o(.text), (0 bytes).
    Removing adc.o(.ARM.exidx.text.init_ADC), (8 bytes).
    Removing adc.o(.ARM.exidx.text.read_adc_LDR), (8 bytes).
    Removing adc.o(.ARM.exidx.text.read_adc_POT), (8 bytes).
    Removing adc.o(.ARM.exidx.text.read_adc_MIC), (8 bytes).
    Removing dac.o(.text), (0 bytes).
    Removing dac.o(.ARM.exidx.text.init_DAC), (8 bytes).
    Removing dac.o(.text.output_dac), (24 bytes).
    Removing dac.o(.ARM.exidx.text.output_dac), (8 bytes).
    Removing main.o(.text), (0 bytes).
    Removing main.o(.text.PLL_Config), (180 bytes).
    Removing main.o(.ARM.exidx.text.PLL_Config), (8 bytes).
    Removing main.o(.ARM.exidx.text.main), (8 bytes).
    Removing main.o(.ARM.exidx.text.TIM2_IRQHandler), (8 bytes).
    Removing main.o(.ARM.exidx.text.TIM3_IRQHandler), (8 bytes).
    Removing main.o(.ARM.exidx.text.TIM5_IRQHandler), (8 bytes).
    Removing main.o(.bss.HoldTimer), (4 bytes).
    Removing main.o(.ARM.use_no_argv), (4 bytes).
    Removing lcd.o(.text), (0 bytes).
    Removing lcd.o(.ARM.exidx.text.lcd_delayus), (8 bytes).
    Removing lcd.o(.ARM.exidx.text.WaitLcdBusy), (8 bytes).
    Removing lcd.o(.ARM.exidx.text.set_LCD_data), (8 bytes).
    Removing lcd.o(.ARM.exidx.text.LCD_strobe), (8 bytes).
    Removing lcd.o(.ARM.exidx.text.cmdLCD), (8 bytes).
    Removing lcd.o(.ARM.exidx.text.putLCD), (8 bytes).
    Removing lcd.o(.ARM.exidx.text.initLCD), (8 bytes).
    Removing timer.o(.text), (0 bytes).
    Removing timer.o(.ARM.exidx.text.Init_Sampling), (8 bytes).
    Removing timer.o(.ARM.exidx.text.Init_HoldButton), (8 bytes).
    Removing timer.o(.ARM.exidx.text.Init_BuzzerPitch), (8 bytes).
    Removing buttons.o(.text), (0 bytes).
    Removing buttons.o(.ARM.exidx.text.InitBut), (8 bytes).
    Removing buzzer.o(.text), (0 bytes).
    Removing buzzer.o(.ARM.exidx.text.INIT_BUZZ), (8 bytes).
    Removing buzzer.o(.text.ON), (28 bytes).
    Removing buzzer.o(.ARM.exidx.text.ON), (8 bytes).
    Removing buzzer.o(.text.OFF), (22 bytes).
    Removing buzzer.o(.ARM.exidx.text.OFF), (8 bytes).
    Removing led.o(.text), (0 bytes).
    Removing led.o(.ARM.exidx.text.InitLED), (8 bytes).
    Removing usart.o(.text), (0 bytes).
    Removing usart.o(.ARM.exidx.text.send_usart), (8 bytes).
    Removing usart.o(.ARM.exidx.text.init_USART), (8 bytes).
    Removing usart.o(.ARM.exidx.text.LDRPuTTyDisplay), (8 bytes).
    Removing usart.o(.ARM.exidx.text.POTPuTTyDisplay), (8 bytes).
    Removing usart.o(.ARM.exidx.text.MICPuTTyDisplay), (8 bytes).
    Removing usart.o(.ARM.exidx.text.CurrentMode), (8 bytes).
    Removing system_stm32f4xx.o(.text), (0 bytes).
    Removing system_stm32f4xx.o(.ARM.exidx.text.SystemInit), (8 bytes).
    Removing system_stm32f4xx.o(.ARM.exidx.text.SystemCoreClockUpdate), (8 bytes).
    Removing system_stm32f4xx.o(.rodata.APBPrescTable), (8 bytes).

51 unused section(s) (total 542 bytes) removed from the image.

==============================================================================

Image Symbol Table

    Local Symbols

    Symbol Name                              Value     Ov Type        Size  Object(Section)

    ../clib/angel/boardlib.s                 0x00000000   Number         0  boardinit1.o ABSOLUTE
    ../clib/angel/boardlib.s                 0x00000000   Number         0  boardinit2.o ABSOLUTE
    ../clib/angel/boardlib.s                 0x00000000   Number         0  boardinit3.o ABSOLUTE
    ../clib/angel/boardlib.s                 0x00000000   Number         0  boardshut.o ABSOLUTE
    ../clib/angel/handlers.s                 0x00000000   Number         0  __scatter_copy.o ABSOLUTE
    ../clib/angel/handlers.s                 0x00000000   Number         0  __scatter_zi.o ABSOLUTE
    ../clib/angel/kernel.s                   0x00000000   Number         0  __rtentry.o ABSOLUTE
    ../clib/angel/kernel.s                   0x00000000   Number         0  __rtentry2.o ABSOLUTE
    ../clib/angel/kernel.s                   0x00000000   Number         0  __rtentry4.o ABSOLUTE
    ../clib/angel/kernel.s                   0x00000000   Number         0  rtexit.o ABSOLUTE
    ../clib/angel/kernel.s                   0x00000000   Number         0  rtexit2.o ABSOLUTE
    ../clib/angel/rt.s                       0x00000000   Number         0  rt_raise.o ABSOLUTE
    ../clib/angel/scatter.s                  0x00000000   Number         0  __scatter.o ABSOLUTE
    ../clib/angel/startup.s                  0x00000000   Number         0  __main.o ABSOLUTE
    ../clib/angel/sys.s                      0x00000000   Number         0  sys_stackheap_outer.o ABSOLUTE
    ../clib/angel/sys.s                      0x00000000   Number         0  libspace.o ABSOLUTE
    ../clib/angel/sys.s                      0x00000000   Number         0  use_no_semi.o ABSOLUTE
    ../clib/angel/sys.s                      0x00000000   Number         0  indicate_semi.o ABSOLUTE
    ../clib/angel/sysapp.c                   0x00000000   Number         0  sys_exit.o ABSOLUTE
    ../clib/angel/sysapp.c                   0x00000000   Number         0  sys_exit_hlt.o ABSOLUTE
    ../clib/angel/sysapp.c                   0x00000000   Number         0  sys_command.o ABSOLUTE
    ../clib/angel/sysapp.c                   0x00000000   Number         0  sys_command_hlt.o ABSOLUTE
    ../clib/angel/sysapp.c                   0x00000000   Number         0  sys_wrch.o ABSOLUTE
    ../clib/angel/sysapp.c                   0x00000000   Number         0  sys_wrch_hlt.o ABSOLUTE
    ../clib/armsys.c                         0x00000000   Number         0  argv_veneer.o ABSOLUTE
    ../clib/armsys.c                         0x00000000   Number         0  argv_veneer.o ABSOLUTE
    ../clib/armsys.c                         0x00000000   Number         0  _get_argv_nomalloc.o ABSOLUTE
    ../clib/armsys.c                         0x00000000   Number         0  no_argv.o ABSOLUTE
    ../clib/heapalloc.c                      0x00000000   Number         0  hrguard.o ABSOLUTE
    ../clib/heapaux.c                        0x00000000   Number         0  heapauxi.o ABSOLUTE
    ../clib/libinit.s                        0x00000000   Number         0  libinit.o ABSOLUTE
    ../clib/libinit.s                        0x00000000   Number         0  libinit2.o ABSOLUTE
    ../clib/libinit.s                        0x00000000   Number         0  libshutdown.o ABSOLUTE
    ../clib/libinit.s                        0x00000000   Number         0  libshutdown2.o ABSOLUTE
    ../clib/signal.c                         0x00000000   Number         0  defsig_rtmem_outer.o ABSOLUTE
    ../clib/signal.c                         0x00000000   Number         0  defsig_rtmem_formal.o ABSOLUTE
    ../clib/signal.c                         0x00000000   Number         0  defsig_exit.o ABSOLUTE
    ../clib/signal.c                         0x00000000   Number         0  defsig_rtmem_inner.o ABSOLUTE
    ../clib/signal.c                         0x00000000   Number         0  __raise.o ABSOLUTE
    ../clib/signal.c                         0x00000000   Number         0  defsig_general.o ABSOLUTE
    ../clib/signal.c                         0x00000000   Number         0  defsig_abrt_inner.o ABSOLUTE
    ../clib/signal.c                         0x00000000   Number         0  defsig_fpe_inner.o ABSOLUTE
    ../clib/signal.c                         0x00000000   Number         0  defsig_rtred_inner.o ABSOLUTE
    ../clib/signal.c                         0x00000000   Number         0  defsig_stak_inner.o ABSOLUTE
    ../clib/signal.c                         0x00000000   Number         0  defsig_pvfn_inner.o ABSOLUTE
    ../clib/signal.c                         0x00000000   Number         0  defsig_cppl_inner.o ABSOLUTE
    ../clib/signal.c                         0x00000000   Number         0  defsig_segv_inner.o ABSOLUTE
    ../clib/signal.c                         0x00000000   Number         0  defsig_other.o ABSOLUTE
    ../clib/signal.s                         0x00000000   Number         0  defsig.o ABSOLUTE
    ../clib/stdlib.c                         0x00000000   Number         0  exit.o ABSOLUTE
    ../fplib/fpinit.s                        0x00000000   Number         0  fpinit.o ABSOLUTE
    ADC.c                                    0x00000000   Number         0  adc.o ABSOLUTE
    Buttons.c                                0x00000000   Number         0  buttons.o ABSOLUTE
    Buzzer.c                                 0x00000000   Number         0  buzzer.o ABSOLUTE
    DAC.c                                    0x00000000   Number         0  dac.o ABSOLUTE
    LED.c                                    0x00000000   Number         0  led.o ABSOLUTE
    RTE/Device/STM32F429ZITx/startup_stm32f429xx.s 0x00000000   Number         0  startup_stm32f429xx.o ABSOLUTE
    Timer.c                                  0x00000000   Number         0  timer.o ABSOLUTE
    dc.s                                     0x00000000   Number         0  dc.o ABSOLUTE
    lcd.c                                    0x00000000   Number         0  lcd.o ABSOLUTE
    main.c                                   0x00000000   Number         0  main.o ABSOLUTE
    system_stm32f4xx.c                       0x00000000   Number         0  system_stm32f4xx.o ABSOLUTE
    usart.c                                  0x00000000   Number         0  usart.o ABSOLUTE
    RESET                                    0x08000000   Section      428  startup_stm32f429xx.o(RESET)
    !!!main                                  0x080001ac   Section        8  __main.o(!!!main)
    !!!scatter                               0x080001b4   Section       92  __scatter.o(!!!scatter)
    !!handler_copy                           0x08000210   Section       26  __scatter_copy.o(!!handler_copy)
    !!handler_null                           0x0800022c   Section        2  __scatter.o(!!handler_null)
    !!handler_zi                             0x08000230   Section       28  __scatter_zi.o(!!handler_zi)
    .ARM.Collect$$libinit$$00000000          0x0800024c   Section        2  libinit.o(.ARM.Collect$$libinit$$00000000)
    .ARM.Collect$$libinit$$00000001          0x0800024e   Section        4  libinit2.o(.ARM.Collect$$libinit$$00000001)
    .ARM.Collect$$libinit$$00000004          0x08000252   Section        0  libinit2.o(.ARM.Collect$$libinit$$00000004)
    .ARM.Collect$$libinit$$00000006          0x08000252   Section        0  libinit2.o(.ARM.Collect$$libinit$$00000006)
    .ARM.Collect$$libinit$$0000000C          0x08000252   Section        0  libinit2.o(.ARM.Collect$$libinit$$0000000C)
    .ARM.Collect$$libinit$$0000000E          0x08000252   Section        0  libinit2.o(.ARM.Collect$$libinit$$0000000E)
    .ARM.Collect$$libinit$$00000010          0x08000252   Section        0  libinit2.o(.ARM.Collect$$libinit$$00000010)
    .ARM.Collect$$libinit$$00000013          0x08000252   Section        0  libinit2.o(.ARM.Collect$$libinit$$00000013)
    .ARM.Collect$$libinit$$00000015          0x08000252   Section        0  libinit2.o(.ARM.Collect$$libinit$$00000015)
    .ARM.Collect$$libinit$$00000017          0x08000252   Section        0  libinit2.o(.ARM.Collect$$libinit$$00000017)
    .ARM.Collect$$libinit$$00000019          0x08000252   Section        0  libinit2.o(.ARM.Collect$$libinit$$00000019)
    .ARM.Collect$$libinit$$0000001B          0x08000252   Section        0  libinit2.o(.ARM.Collect$$libinit$$0000001B)
    .ARM.Collect$$libinit$$0000001D          0x08000252   Section        0  libinit2.o(.ARM.Collect$$libinit$$0000001D)
    .ARM.Collect$$libinit$$0000001F          0x08000252   Section        0  libinit2.o(.ARM.Collect$$libinit$$0000001F)
    .ARM.Collect$$libinit$$00000021          0x08000252   Section        0  libinit2.o(.ARM.Collect$$libinit$$00000021)
    .ARM.Collect$$libinit$$00000023          0x08000252   Section        0  libinit2.o(.ARM.Collect$$libinit$$00000023)
    .ARM.Collect$$libinit$$00000025          0x08000252   Section        0  libinit2.o(.ARM.Collect$$libinit$$00000025)
    .ARM.Collect$$libinit$$00000027          0x08000252   Section        0  libinit2.o(.ARM.Collect$$libinit$$00000027)
    .ARM.Collect$$libinit$$0000002E          0x08000252   Section        0  libinit2.o(.ARM.Collect$$libinit$$0000002E)
    .ARM.Collect$$libinit$$00000030          0x08000252   Section        0  libinit2.o(.ARM.Collect$$libinit$$00000030)
    .ARM.Collect$$libinit$$00000032          0x08000252   Section        0  libinit2.o(.ARM.Collect$$libinit$$00000032)
    .ARM.Collect$$libinit$$00000034          0x08000252   Section        0  libinit2.o(.ARM.Collect$$libinit$$00000034)
    .ARM.Collect$$libinit$$00000035          0x08000252   Section        2  libinit2.o(.ARM.Collect$$libinit$$00000035)
    .ARM.Collect$$libshutdown$$00000000      0x08000254   Section        2  libshutdown.o(.ARM.Collect$$libshutdown$$00000000)
    .ARM.Collect$$libshutdown$$00000002      0x08000256   Section        0  libshutdown2.o(.ARM.Collect$$libshutdown$$00000002)
    .ARM.Collect$$libshutdown$$00000004      0x08000256   Section        0  libshutdown2.o(.ARM.Collect$$libshutdown$$00000004)
    .ARM.Collect$$libshutdown$$00000007      0x08000256   Section        0  libshutdown2.o(.ARM.Collect$$libshutdown$$00000007)
    .ARM.Collect$$libshutdown$$0000000A      0x08000256   Section        0  libshutdown2.o(.ARM.Collect$$libshutdown$$0000000A)
    .ARM.Collect$$libshutdown$$0000000C      0x08000256   Section        0  libshutdown2.o(.ARM.Collect$$libshutdown$$0000000C)
    .ARM.Collect$$libshutdown$$0000000F      0x08000256   Section        0  libshutdown2.o(.ARM.Collect$$libshutdown$$0000000F)
    .ARM.Collect$$libshutdown$$00000010      0x08000256   Section        2  libshutdown2.o(.ARM.Collect$$libshutdown$$00000010)
    .ARM.Collect$$rtentry$$00000000          0x08000258   Section        0  __rtentry.o(.ARM.Collect$$rtentry$$00000000)
    .ARM.Collect$$rtentry$$00000002          0x08000258   Section        0  __rtentry2.o(.ARM.Collect$$rtentry$$00000002)
    .ARM.Collect$$rtentry$$00000004          0x08000258   Section        6  __rtentry4.o(.ARM.Collect$$rtentry$$00000004)
    .ARM.Collect$$rtentry$$00000009          0x0800025e   Section        0  __rtentry2.o(.ARM.Collect$$rtentry$$00000009)
    .ARM.Collect$$rtentry$$0000000A          0x0800025e   Section        4  __rtentry2.o(.ARM.Collect$$rtentry$$0000000A)
    .ARM.Collect$$rtentry$$0000000C          0x08000262   Section        0  __rtentry2.o(.ARM.Collect$$rtentry$$0000000C)
    .ARM.Collect$$rtentry$$0000000D          0x08000262   Section        8  __rtentry2.o(.ARM.Collect$$rtentry$$0000000D)
    .ARM.Collect$$rtexit$$00000000           0x0800026a   Section        2  rtexit.o(.ARM.Collect$$rtexit$$00000000)
    .ARM.Collect$$rtexit$$00000002           0x0800026c   Section        0  rtexit2.o(.ARM.Collect$$rtexit$$00000002)
    .ARM.Collect$$rtexit$$00000003           0x0800026c   Section        4  rtexit2.o(.ARM.Collect$$rtexit$$00000003)
    .ARM.Collect$$rtexit$$00000004           0x08000270   Section        6  rtexit2.o(.ARM.Collect$$rtexit$$00000004)
    $v0                                      0x08000278   Number         0  startup_stm32f429xx.o(.text)
    .text                                    0x08000278   Section       64  startup_stm32f429xx.o(.text)
    .text                                    0x080002b8   Section        0  heapauxi.o(.text)
    .text                                    0x080002be   Section       74  sys_stackheap_outer.o(.text)
    .text                                    0x08000308   Section        0  exit.o(.text)
    .text                                    0x0800031c   Section        8  libspace.o(.text)
    .text                                    0x08000324   Section        0  sys_exit.o(.text)
    .text                                    0x08000330   Section        2  use_no_semi.o(.text)
    .text                                    0x08000332   Section        0  indicate_semi.o(.text)
    [Anonymous Symbol]                       0x08000334   Section        0  usart.o(.text.CurrentMode)
    [Anonymous Symbol]                       0x08000488   Section        0  buzzer.o(.text.INIT_BUZZ)
    [Anonymous Symbol]                       0x08000518   Section        0  buttons.o(.text.InitBut)
    [Anonymous Symbol]                       0x0800058c   Section        0  led.o(.text.InitLED)
    [Anonymous Symbol]                       0x080005ec   Section        0  timer.o(.text.Init_BuzzerPitch)
    [Anonymous Symbol]                       0x0800066c   Section        0  timer.o(.text.Init_HoldButton)
    [Anonymous Symbol]                       0x080006c4   Section        0  timer.o(.text.Init_Sampling)
    [Anonymous Symbol]                       0x08000720   Section        0  lcd.o(.text.LCD_strobe)
    [Anonymous Symbol]                       0x08000750   Section        0  usart.o(.text.LDRPuTTyDisplay)
    [Anonymous Symbol]                       0x080008d0   Section        0  usart.o(.text.MICPuTTyDisplay)
    [Anonymous Symbol]                       0x08000a58   Section        0  usart.o(.text.POTPuTTyDisplay)
    [Anonymous Symbol]                       0x08000bd8   Section        0  system_stm32f4xx.o(.text.SystemCoreClockUpdate)
    [Anonymous Symbol]                       0x08000d08   Section        0  system_stm32f4xx.o(.text.SystemInit)
    [Anonymous Symbol]                       0x08000d1c   Section        0  main.o(.text.TIM2_IRQHandler)
    [Anonymous Symbol]                       0x08000d98   Section        0  main.o(.text.TIM3_IRQHandler)
    [Anonymous Symbol]                       0x08000ea4   Section        0  main.o(.text.TIM5_IRQHandler)
    [Anonymous Symbol]                       0x08000f18   Section        0  lcd.o(.text.WaitLcdBusy)
    [Anonymous Symbol]                       0x08000f24   Section        0  lcd.o(.text.cmdLCD)
    [Anonymous Symbol]                       0x08000f54   Section        0  lcd.o(.text.initLCD)
    [Anonymous Symbol]                       0x08000fc8   Section        0  adc.o(.text.init_ADC)
    [Anonymous Symbol]                       0x080010c4   Section        0  dac.o(.text.init_DAC)
    [Anonymous Symbol]                       0x08001104   Section        0  usart.o(.text.init_USART)
    [Anonymous Symbol]                       0x080011fc   Section        0  lcd.o(.text.lcd_delayus)
    [Anonymous Symbol]                       0x0800124c   Section        0  main.o(.text.main)
    [Anonymous Symbol]                       0x08001800   Section        0  lcd.o(.text.putLCD)
    [Anonymous Symbol]                       0x08001830   Section        0  adc.o(.text.read_adc_LDR)
    [Anonymous Symbol]                       0x08001868   Section        0  adc.o(.text.read_adc_MIC)
    [Anonymous Symbol]                       0x080018a0   Section        0  adc.o(.text.read_adc_POT)
    [Anonymous Symbol]                       0x080018d8   Section        0  usart.o(.text.send_usart)
    [Anonymous Symbol]                       0x08001908   Section        0  lcd.o(.text.set_LCD_data)
    $v0                                      0x08001926   Number         0  fpinit.o(x$fpl$fpinit)
    x$fpl$fpinit                             0x08001926   Section       26  fpinit.o(x$fpl$fpinit)
    .bss                                     0x20000020   Section       96  libspace.o(.bss)
    Heap_Mem                                 0x200000c0   Data         512  startup_stm32f429xx.o(HEAP)
    HEAP                                     0x200000c0   Section      512  startup_stm32f429xx.o(HEAP)
    Stack_Mem                                0x200002c0   Data        1024  startup_stm32f429xx.o(STACK)
    STACK                                    0x200002c0   Section     1024  startup_stm32f429xx.o(STACK)
    __initial_sp                             0x200006c0   Data           0  startup_stm32f429xx.o(STACK)

    Global Symbols

    Symbol Name                              Value     Ov Type        Size  Object(Section)

    BuildAttributes$$THM_ISAv4$E$P$D$K$B$S$7EM$VFPi3$EXTD16$VFPS$VFMA$PE$A:L22UL41UL21$X:L11$S22US41US21$IEEE1$IW$~IW$USESV6$~STKCKD$USESV7$~SHL$OSPACE$ROPI$EBA8$UX$STANDARDLIB$REQ8$PRES8$EABIv2 0x00000000   Number         0  anon$$obj.o ABSOLUTE
    __ARM_exceptions_init                     - Undefined Weak Reference
    __alloca_initialize                       - Undefined Weak Reference
    __arm_preinit_                            - Undefined Weak Reference
    __arm_relocate_pie_                       - Undefined Weak Reference
    __cpp_initialize__aeabi_                  - Undefined Weak Reference
    __cxa_finalize                            - Undefined Weak Reference
    __rt_locale                               - Undefined Weak Reference
    __sigvec_lookup                           - Undefined Weak Reference
    _atexit_init                              - Undefined Weak Reference
    _call_atexit_fns                          - Undefined Weak Reference
    _clock_init                               - Undefined Weak Reference
    _fp_trap_init                             - Undefined Weak Reference
    _fp_trap_shutdown                         - Undefined Weak Reference
    _get_lc_collate                           - Undefined Weak Reference
    _get_lc_ctype                             - Undefined Weak Reference
    _get_lc_monetary                          - Undefined Weak Reference
    _get_lc_numeric                           - Undefined Weak Reference
    _get_lc_time                              - Undefined Weak Reference
    _getenv_init                              - Undefined Weak Reference
    _handle_redirection                       - Undefined Weak Reference
    _init_alloc                               - Undefined Weak Reference
    _init_user_alloc                          - Undefined Weak Reference
    _initio                                   - Undefined Weak Reference
    _rand_init                                - Undefined Weak Reference
    _signal_finish                            - Undefined Weak Reference
    _signal_init                              - Undefined Weak Reference
    _terminate_alloc                          - Undefined Weak Reference
    _terminate_user_alloc                     - Undefined Weak Reference
    _terminateio                              - Undefined Weak Reference
    __Vectors_Size                           0x000001ac   Number         0  startup_stm32f429xx.o ABSOLUTE
    __Vectors                                0x08000000   Data           4  startup_stm32f429xx.o(RESET)
    __Vectors_End                            0x080001ac   Data           0  startup_stm32f429xx.o(RESET)
    __main                                   0x080001ad   Thumb Code     8  __main.o(!!!main)
    __scatterload                            0x080001b5   Thumb Code     0  __scatter.o(!!!scatter)
    __scatterload_rt2                        0x080001b5   Thumb Code    84  __scatter.o(!!!scatter)
    __scatterload_rt2_thumb_only             0x080001b5   Thumb Code     0  __scatter.o(!!!scatter)
    __scatterload_loop                       0x080001bf   Thumb Code     0  __scatter.o(!!!scatter)
    __scatterload_copy                       0x08000211   Thumb Code    26  __scatter_copy.o(!!handler_copy)
    __scatterload_null                       0x0800022d   Thumb Code     2  __scatter.o(!!handler_null)
    __scatterload_zeroinit                   0x08000231   Thumb Code    28  __scatter_zi.o(!!handler_zi)
    __rt_lib_init                            0x0800024d   Thumb Code     0  libinit.o(.ARM.Collect$$libinit$$00000000)
    __rt_lib_init_fp_1                       0x0800024f   Thumb Code     0  libinit2.o(.ARM.Collect$$libinit$$00000001)
    __rt_lib_init_alloca_1                   0x08000253   Thumb Code     0  libinit2.o(.ARM.Collect$$libinit$$00000030)
    __rt_lib_init_argv_1                     0x08000253   Thumb Code     0  libinit2.o(.ARM.Collect$$libinit$$0000002E)
    __rt_lib_init_atexit_1                   0x08000253   Thumb Code     0  libinit2.o(.ARM.Collect$$libinit$$0000001D)
    __rt_lib_init_clock_1                    0x08000253   Thumb Code     0  libinit2.o(.ARM.Collect$$libinit$$00000023)
    __rt_lib_init_cpp_1                      0x08000253   Thumb Code     0  libinit2.o(.ARM.Collect$$libinit$$00000034)
    __rt_lib_init_exceptions_1               0x08000253   Thumb Code     0  libinit2.o(.ARM.Collect$$libinit$$00000032)
    __rt_lib_init_fp_trap_1                  0x08000253   Thumb Code     0  libinit2.o(.ARM.Collect$$libinit$$00000021)
    __rt_lib_init_getenv_1                   0x08000253   Thumb Code     0  libinit2.o(.ARM.Collect$$libinit$$00000025)
    __rt_lib_init_heap_1                     0x08000253   Thumb Code     0  libinit2.o(.ARM.Collect$$libinit$$0000000C)
    __rt_lib_init_lc_collate_1               0x08000253   Thumb Code     0  libinit2.o(.ARM.Collect$$libinit$$00000013)
    __rt_lib_init_lc_ctype_1                 0x08000253   Thumb Code     0  libinit2.o(.ARM.Collect$$libinit$$00000015)
    __rt_lib_init_lc_monetary_1              0x08000253   Thumb Code     0  libinit2.o(.ARM.Collect$$libinit$$00000017)
    __rt_lib_init_lc_numeric_1               0x08000253   Thumb Code     0  libinit2.o(.ARM.Collect$$libinit$$00000019)
    __rt_lib_init_lc_time_1                  0x08000253   Thumb Code     0  libinit2.o(.ARM.Collect$$libinit$$0000001B)
    __rt_lib_init_preinit_1                  0x08000253   Thumb Code     0  libinit2.o(.ARM.Collect$$libinit$$00000006)
    __rt_lib_init_rand_1                     0x08000253   Thumb Code     0  libinit2.o(.ARM.Collect$$libinit$$00000010)
    __rt_lib_init_relocate_pie_1             0x08000253   Thumb Code     0  libinit2.o(.ARM.Collect$$libinit$$00000004)
    __rt_lib_init_return                     0x08000253   Thumb Code     0  libinit2.o(.ARM.Collect$$libinit$$00000035)
    __rt_lib_init_signal_1                   0x08000253   Thumb Code     0  libinit2.o(.ARM.Collect$$libinit$$0000001F)
    __rt_lib_init_stdio_1                    0x08000253   Thumb Code     0  libinit2.o(.ARM.Collect$$libinit$$00000027)
    __rt_lib_init_user_alloc_1               0x08000253   Thumb Code     0  libinit2.o(.ARM.Collect$$libinit$$0000000E)
    __rt_lib_shutdown                        0x08000255   Thumb Code     0  libshutdown.o(.ARM.Collect$$libshutdown$$00000000)
    __rt_lib_shutdown_cpp_1                  0x08000257   Thumb Code     0  libshutdown2.o(.ARM.Collect$$libshutdown$$00000002)
    __rt_lib_shutdown_fp_trap_1              0x08000257   Thumb Code     0  libshutdown2.o(.ARM.Collect$$libshutdown$$00000007)
    __rt_lib_shutdown_heap_1                 0x08000257   Thumb Code     0  libshutdown2.o(.ARM.Collect$$libshutdown$$0000000F)
    __rt_lib_shutdown_return                 0x08000257   Thumb Code     0  libshutdown2.o(.ARM.Collect$$libshutdown$$00000010)
    __rt_lib_shutdown_signal_1               0x08000257   Thumb Code     0  libshutdown2.o(.ARM.Collect$$libshutdown$$0000000A)
    __rt_lib_shutdown_stdio_1                0x08000257   Thumb Code     0  libshutdown2.o(.ARM.Collect$$libshutdown$$00000004)
    __rt_lib_shutdown_user_alloc_1           0x08000257   Thumb Code     0  libshutdown2.o(.ARM.Collect$$libshutdown$$0000000C)
    __rt_entry                               0x08000259   Thumb Code     0  __rtentry.o(.ARM.Collect$$rtentry$$00000000)
    __rt_entry_presh_1                       0x08000259   Thumb Code     0  __rtentry2.o(.ARM.Collect$$rtentry$$00000002)
    __rt_entry_sh                            0x08000259   Thumb Code     0  __rtentry4.o(.ARM.Collect$$rtentry$$00000004)
    __rt_entry_li                            0x0800025f   Thumb Code     0  __rtentry2.o(.ARM.Collect$$rtentry$$0000000A)
    __rt_entry_postsh_1                      0x0800025f   Thumb Code     0  __rtentry2.o(.ARM.Collect$$rtentry$$00000009)
    __rt_entry_main                          0x08000263   Thumb Code     0  __rtentry2.o(.ARM.Collect$$rtentry$$0000000D)
    __rt_entry_postli_1                      0x08000263   Thumb Code     0  __rtentry2.o(.ARM.Collect$$rtentry$$0000000C)
    __rt_exit                                0x0800026b   Thumb Code     0  rtexit.o(.ARM.Collect$$rtexit$$00000000)
    __rt_exit_ls                             0x0800026d   Thumb Code     0  rtexit2.o(.ARM.Collect$$rtexit$$00000003)
    __rt_exit_prels_1                        0x0800026d   Thumb Code     0  rtexit2.o(.ARM.Collect$$rtexit$$00000002)
    __rt_exit_exit                           0x08000271   Thumb Code     0  rtexit2.o(.ARM.Collect$$rtexit$$00000004)
    Reset_Handler                            0x08000279   Thumb Code     8  startup_stm32f429xx.o(.text)
    NMI_Handler                              0x08000281   Thumb Code     2  startup_stm32f429xx.o(.text)
    HardFault_Handler                        0x08000283   Thumb Code     2  startup_stm32f429xx.o(.text)
    MemManage_Handler                        0x08000285   Thumb Code     2  startup_stm32f429xx.o(.text)
    BusFault_Handler                         0x08000287   Thumb Code     2  startup_stm32f429xx.o(.text)
    UsageFault_Handler                       0x08000289   Thumb Code     2  startup_stm32f429xx.o(.text)
    SVC_Handler                              0x0800028b   Thumb Code     2  startup_stm32f429xx.o(.text)
    DebugMon_Handler                         0x0800028d   Thumb Code     2  startup_stm32f429xx.o(.text)
    PendSV_Handler                           0x0800028f   Thumb Code     2  startup_stm32f429xx.o(.text)
    SysTick_Handler                          0x08000291   Thumb Code     2  startup_stm32f429xx.o(.text)
    ADC_IRQHandler                           0x08000293   Thumb Code     0  startup_stm32f429xx.o(.text)
    CAN1_RX0_IRQHandler                      0x08000293   Thumb Code     0  startup_stm32f429xx.o(.text)
    CAN1_RX1_IRQHandler                      0x08000293   Thumb Code     0  startup_stm32f429xx.o(.text)
    CAN1_SCE_IRQHandler                      0x08000293   Thumb Code     0  startup_stm32f429xx.o(.text)
    CAN1_TX_IRQHandler                       0x08000293   Thumb Code     0  startup_stm32f429xx.o(.text)
    CAN2_RX0_IRQHandler                      0x08000293   Thumb Code     0  startup_stm32f429xx.o(.text)
    CAN2_RX1_IRQHandler                      0x08000293   Thumb Code     0  startup_stm32f429xx.o(.text)
    CAN2_SCE_IRQHandler                      0x08000293   Thumb Code     0  startup_stm32f429xx.o(.text)
    CAN2_TX_IRQHandler                       0x08000293   Thumb Code     0  startup_stm32f429xx.o(.text)
    DCMI_IRQHandler                          0x08000293   Thumb Code     0  startup_stm32f429xx.o(.text)
    DMA1_Stream0_IRQHandler                  0x08000293   Thumb Code     0  startup_stm32f429xx.o(.text)
    DMA1_Stream1_IRQHandler                  0x08000293   Thumb Code     0  startup_stm32f429xx.o(.text)
    DMA1_Stream2_IRQHandler                  0x08000293   Thumb Code     0  startup_stm32f429xx.o(.text)
    DMA1_Stream3_IRQHandler                  0x08000293   Thumb Code     0  startup_stm32f429xx.o(.text)
    DMA1_Stream4_IRQHandler                  0x08000293   Thumb Code     0  startup_stm32f429xx.o(.text)
    DMA1_Stream5_IRQHandler                  0x08000293   Thumb Code     0  startup_stm32f429xx.o(.text)
    DMA1_Stream6_IRQHandler                  0x08000293   Thumb Code     0  startup_stm32f429xx.o(.text)
    DMA1_Stream7_IRQHandler                  0x08000293   Thumb Code     0  startup_stm32f429xx.o(.text)
    DMA2D_IRQHandler                         0x08000293   Thumb Code     0  startup_stm32f429xx.o(.text)
    DMA2_Stream0_IRQHandler                  0x08000293   Thumb Code     0  startup_stm32f429xx.o(.text)
    DMA2_Stream1_IRQHandler                  0x08000293   Thumb Code     0  startup_stm32f429xx.o(.text)
    DMA2_Stream2_IRQHandler                  0x08000293   Thumb Code     0  startup_stm32f429xx.o(.text)
    DMA2_Stream3_IRQHandler                  0x08000293   Thumb Code     0  startup_stm32f429xx.o(.text)
    DMA2_Stream4_IRQHandler                  0x08000293   Thumb Code     0  startup_stm32f429xx.o(.text)
    DMA2_Stream5_IRQHandler                  0x08000293   Thumb Code     0  startup_stm32f429xx.o(.text)
    DMA2_Stream6_IRQHandler                  0x08000293   Thumb Code     0  startup_stm32f429xx.o(.text)
    DMA2_Stream7_IRQHandler                  0x08000293   Thumb Code     0  startup_stm32f429xx.o(.text)
    ETH_IRQHandler                           0x08000293   Thumb Code     0  startup_stm32f429xx.o(.text)
    ETH_WKUP_IRQHandler                      0x08000293   Thumb Code     0  startup_stm32f429xx.o(.text)
    EXTI0_IRQHandler                         0x08000293   Thumb Code     0  startup_stm32f429xx.o(.text)
    EXTI15_10_IRQHandler                     0x08000293   Thumb Code     0  startup_stm32f429xx.o(.text)
    EXTI1_IRQHandler                         0x08000293   Thumb Code     0  startup_stm32f429xx.o(.text)
    EXTI2_IRQHandler                         0x08000293   Thumb Code     0  startup_stm32f429xx.o(.text)
    EXTI3_IRQHandler                         0x08000293   Thumb Code     0  startup_stm32f429xx.o(.text)
    EXTI4_IRQHandler                         0x08000293   Thumb Code     0  startup_stm32f429xx.o(.text)
    EXTI9_5_IRQHandler                       0x08000293   Thumb Code     0  startup_stm32f429xx.o(.text)
    FLASH_IRQHandler                         0x08000293   Thumb Code     0  startup_stm32f429xx.o(.text)
    FMC_IRQHandler                           0x08000293   Thumb Code     0  startup_stm32f429xx.o(.text)
    FPU_IRQHandler                           0x08000293   Thumb Code     0  startup_stm32f429xx.o(.text)
    HASH_RNG_IRQHandler                      0x08000293   Thumb Code     0  startup_stm32f429xx.o(.text)
    I2C1_ER_IRQHandler                       0x08000293   Thumb Code     0  startup_stm32f429xx.o(.text)
    I2C1_EV_IRQHandler                       0x08000293   Thumb Code     0  startup_stm32f429xx.o(.text)
    I2C2_ER_IRQHandler                       0x08000293   Thumb Code     0  startup_stm32f429xx.o(.text)
    I2C2_EV_IRQHandler                       0x08000293   Thumb Code     0  startup_stm32f429xx.o(.text)
    I2C3_ER_IRQHandler                       0x08000293   Thumb Code     0  startup_stm32f429xx.o(.text)
    I2C3_EV_IRQHandler                       0x08000293   Thumb Code     0  startup_stm32f429xx.o(.text)
    LTDC_ER_IRQHandler                       0x08000293   Thumb Code     0  startup_stm32f429xx.o(.text)
    LTDC_IRQHandler                          0x08000293   Thumb Code     0  startup_stm32f429xx.o(.text)
    OTG_FS_IRQHandler                        0x08000293   Thumb Code     0  startup_stm32f429xx.o(.text)
    OTG_FS_WKUP_IRQHandler                   0x08000293   Thumb Code     0  startup_stm32f429xx.o(.text)
    OTG_HS_EP1_IN_IRQHandler                 0x08000293   Thumb Code     0  startup_stm32f429xx.o(.text)
    OTG_HS_EP1_OUT_IRQHandler                0x08000293   Thumb Code     0  startup_stm32f429xx.o(.text)
    OTG_HS_IRQHandler                        0x08000293   Thumb Code     0  startup_stm32f429xx.o(.text)
    OTG_HS_WKUP_IRQHandler                   0x08000293   Thumb Code     0  startup_stm32f429xx.o(.text)
    PVD_IRQHandler                           0x08000293   Thumb Code     0  startup_stm32f429xx.o(.text)
    RCC_IRQHandler                           0x08000293   Thumb Code     0  startup_stm32f429xx.o(.text)
    RTC_Alarm_IRQHandler                     0x08000293   Thumb Code     0  startup_stm32f429xx.o(.text)
    RTC_WKUP_IRQHandler                      0x08000293   Thumb Code     0  startup_stm32f429xx.o(.text)
    SAI1_IRQHandler                          0x08000293   Thumb Code     0  startup_stm32f429xx.o(.text)
    SDIO_IRQHandler                          0x08000293   Thumb Code     0  startup_stm32f429xx.o(.text)
    SPI1_IRQHandler                          0x08000293   Thumb Code     0  startup_stm32f429xx.o(.text)
    SPI2_IRQHandler                          0x08000293   Thumb Code     0  startup_stm32f429xx.o(.text)
    SPI3_IRQHandler                          0x08000293   Thumb Code     0  startup_stm32f429xx.o(.text)
    SPI4_IRQHandler                          0x08000293   Thumb Code     0  startup_stm32f429xx.o(.text)
    SPI5_IRQHandler                          0x08000293   Thumb Code     0  startup_stm32f429xx.o(.text)
    SPI6_IRQHandler                          0x08000293   Thumb Code     0  startup_stm32f429xx.o(.text)
    TAMP_STAMP_IRQHandler                    0x08000293   Thumb Code     0  startup_stm32f429xx.o(.text)
    TIM1_BRK_TIM9_IRQHandler                 0x08000293   Thumb Code     0  startup_stm32f429xx.o(.text)
    TIM1_CC_IRQHandler                       0x08000293   Thumb Code     0  startup_stm32f429xx.o(.text)
    TIM1_TRG_COM_TIM11_IRQHandler            0x08000293   Thumb Code     0  startup_stm32f429xx.o(.text)
    TIM1_UP_TIM10_IRQHandler                 0x08000293   Thumb Code     0  startup_stm32f429xx.o(.text)
    TIM4_IRQHandler                          0x08000293   Thumb Code     0  startup_stm32f429xx.o(.text)
    TIM6_DAC_IRQHandler                      0x08000293   Thumb Code     0  startup_stm32f429xx.o(.text)
    TIM7_IRQHandler                          0x08000293   Thumb Code     0  startup_stm32f429xx.o(.text)
    TIM8_BRK_TIM12_IRQHandler                0x08000293   Thumb Code     0  startup_stm32f429xx.o(.text)
    TIM8_CC_IRQHandler                       0x08000293   Thumb Code     0  startup_stm32f429xx.o(.text)
    TIM8_TRG_COM_TIM14_IRQHandler            0x08000293   Thumb Code     0  startup_stm32f429xx.o(.text)
    TIM8_UP_TIM13_IRQHandler                 0x08000293   Thumb Code     0  startup_stm32f429xx.o(.text)
    UART4_IRQHandler                         0x08000293   Thumb Code     0  startup_stm32f429xx.o(.text)
    UART5_IRQHandler                         0x08000293   Thumb Code     0  startup_stm32f429xx.o(.text)
    UART7_IRQHandler                         0x08000293   Thumb Code     0  startup_stm32f429xx.o(.text)
    UART8_IRQHandler                         0x08000293   Thumb Code     0  startup_stm32f429xx.o(.text)
    USART1_IRQHandler                        0x08000293   Thumb Code     0  startup_stm32f429xx.o(.text)
    USART2_IRQHandler                        0x08000293   Thumb Code     0  startup_stm32f429xx.o(.text)
    USART3_IRQHandler                        0x08000293   Thumb Code     0  startup_stm32f429xx.o(.text)
    USART6_IRQHandler                        0x08000293   Thumb Code     0  startup_stm32f429xx.o(.text)
    WWDG_IRQHandler                          0x08000293   Thumb Code     0  startup_stm32f429xx.o(.text)
    __user_initial_stackheap                 0x08000295   Thumb Code     0  startup_stm32f429xx.o(.text)
    __use_two_region_memory                  0x080002b9   Thumb Code     2  heapauxi.o(.text)
    __rt_heap_escrow$2region                 0x080002bb   Thumb Code     2  heapauxi.o(.text)
    __rt_heap_expand$2region                 0x080002bd   Thumb Code     2  heapauxi.o(.text)
    __user_setup_stackheap                   0x080002bf   Thumb Code    74  sys_stackheap_outer.o(.text)
    exit                                     0x08000309   Thumb Code    18  exit.o(.text)
    __user_libspace                          0x0800031d   Thumb Code     8  libspace.o(.text)
    __user_perproc_libspace                  0x0800031d   Thumb Code     0  libspace.o(.text)
    __user_perthread_libspace                0x0800031d   Thumb Code     0  libspace.o(.text)
    _sys_exit                                0x08000325   Thumb Code     8  sys_exit.o(.text)
    __I$use$semihosting                      0x08000331   Thumb Code     0  use_no_semi.o(.text)
    __use_no_semihosting_swi                 0x08000331   Thumb Code     2  use_no_semi.o(.text)
    __semihosting_library_function           0x08000333   Thumb Code     0  indicate_semi.o(.text)
    CurrentMode                              0x08000335   Thumb Code   340  usart.o(.text.CurrentMode)
    INIT_BUZZ                                0x08000489   Thumb Code   142  buzzer.o(.text.INIT_BUZZ)
    InitBut                                  0x08000519   Thumb Code   114  buttons.o(.text.InitBut)
    InitLED                                  0x0800058d   Thumb Code    96  led.o(.text.InitLED)
    Init_BuzzerPitch                         0x080005ed   Thumb Code   128  timer.o(.text.Init_BuzzerPitch)
    Init_HoldButton                          0x0800066d   Thumb Code    88  timer.o(.text.Init_HoldButton)
    Init_Sampling                            0x080006c5   Thumb Code    92  timer.o(.text.Init_Sampling)
    LCD_strobe                               0x08000721   Thumb Code    46  lcd.o(.text.LCD_strobe)
    LDRPuTTyDisplay                          0x08000751   Thumb Code   384  usart.o(.text.LDRPuTTyDisplay)
    MICPuTTyDisplay                          0x080008d1   Thumb Code   390  usart.o(.text.MICPuTTyDisplay)
    POTPuTTyDisplay                          0x08000a59   Thumb Code   384  usart.o(.text.POTPuTTyDisplay)
    SystemCoreClockUpdate                    0x08000bd9   Thumb Code   302  system_stm32f4xx.o(.text.SystemCoreClockUpdate)
    SystemInit                               0x08000d09   Thumb Code    18  system_stm32f4xx.o(.text.SystemInit)
    TIM2_IRQHandler                          0x08000d1d   Thumb Code   124  main.o(.text.TIM2_IRQHandler)
    TIM3_IRQHandler                          0x08000d99   Thumb Code   266  main.o(.text.TIM3_IRQHandler)
    TIM5_IRQHandler                          0x08000ea5   Thumb Code   116  main.o(.text.TIM5_IRQHandler)
    WaitLcdBusy                              0x08000f19   Thumb Code    12  lcd.o(.text.WaitLcdBusy)
    cmdLCD                                   0x08000f25   Thumb Code    48  lcd.o(.text.cmdLCD)
    initLCD                                  0x08000f55   Thumb Code   116  lcd.o(.text.initLCD)
    init_ADC                                 0x08000fc9   Thumb Code   252  adc.o(.text.init_ADC)
    init_DAC                                 0x080010c5   Thumb Code    64  dac.o(.text.init_DAC)
    init_USART                               0x08001105   Thumb Code   246  usart.o(.text.init_USART)
    lcd_delayus                              0x080011fd   Thumb Code    80  lcd.o(.text.lcd_delayus)
    main                                     0x0800124d   Thumb Code  1460  main.o(.text.main)
    putLCD                                   0x08001801   Thumb Code    48  lcd.o(.text.putLCD)
    read_adc_LDR                             0x08001831   Thumb Code    54  adc.o(.text.read_adc_LDR)
    read_adc_MIC                             0x08001869   Thumb Code    54  adc.o(.text.read_adc_MIC)
    read_adc_POT                             0x080018a1   Thumb Code    54  adc.o(.text.read_adc_POT)
    send_usart                               0x080018d9   Thumb Code    46  usart.o(.text.send_usart)
    set_LCD_data                             0x08001909   Thumb Code    30  lcd.o(.text.set_LCD_data)
    _fp_init                                 0x08001927   Thumb Code    26  fpinit.o(x$fpl$fpinit)
    __fplib_config_fpu_vfp                   0x0800193f   Thumb Code     0  fpinit.o(x$fpl$fpinit)
    __fplib_config_pureend_doubles           0x0800193f   Thumb Code     0  fpinit.o(x$fpl$fpinit)
    AHBPrescTable                            0x08001940   Data          16  system_stm32f4xx.o(.rodata.AHBPrescTable)
    Region$$Table$$Base                      0x08001950   Number         0  anon$$obj.o(Region$$Table)
    Region$$Table$$Limit                     0x08001970   Number         0  anon$$obj.o(Region$$Table)
    ARRArray                                 0x20000000   Data          16  timer.o(.data.ARRArray)
    BuzzerDuration                           0x20000010   Data           4  main.o(.data.BuzzerDuration)
    PSCArray                                 0x20000014   Data           4  timer.o(.data.PSCArray)
    SystemCoreClock                          0x20000018   Data           4  system_stm32f4xx.o(.data.SystemCoreClock)
    __libspace_start                         0x20000020   Data          96  libspace.o(.bss)
    ButtonMode                               0x20000080   Data           4  main.o(.bss.ButtonMode)
    __temporary_stack_top$libspace           0x20000080   Data           0  libspace.o(.bss)
    BuzzerARRValue                           0x20000084   Data           4  main.o(.bss.BuzzerARRValue)
    BuzzerPSCValue                           0x20000088   Data           4  main.o(.bss.BuzzerPSCValue)
    Debounce                                 0x2000008c   Data           4  main.o(.bss.Debounce)
    HoldRelease                              0x20000090   Data           4  main.o(.bss.HoldRelease)
    LCDTopRow                                0x20000094   Data           4  main.o(.bss.LCDTopRow)
    LDRValue                                 0x20000098   Data           4  usart.o(.bss.LDRValue)
    LDRVoltage                               0x2000009c   Data           4  usart.o(.bss.LDRVoltage)
    MICValue                                 0x200000a0   Data           4  usart.o(.bss.MICValue)
    MICVoltage                               0x200000a4   Data           4  usart.o(.bss.MICVoltage)
    POTValue                                 0x200000a8   Data           4  usart.o(.bss.POTValue)
    POTVoltage                               0x200000ac   Data           4  usart.o(.bss.POTVoltage)
    RedFlash                                 0x200000b0   Data           4  main.o(.bss.RedFlash)
    StartUpLock                              0x200000b4   Data           4  main.o(.bss.StartUpLock)
    i                                        0x200000b8   Data           4  main.o(.bss.i)



==============================================================================

Memory Map of the image

  Image Entry point : 0x08000279

  Load Region LR_1 (Base: 0x08000000, Size: 0x0000198c, Max: 0xffffffff, ABSOLUTE)

    Execution Region ER_RO (Exec base: 0x08000000, Load base: 0x08000000, Size: 0x00001970, Max: 0xffffffff, ABSOLUTE)

    Exec Addr    Load Addr    Size         Type   Attr      Idx    E Section Name        Object

    0x08000000   0x08000000   0x000001ac   Data   RO          148    RESET               startup_stm32f429xx.o
    0x080001ac   0x080001ac   0x00000008   Code   RO          173  * !!!main             c_w.l(__main.o)
    0x080001b4   0x080001b4   0x0000005c   Code   RO          338    !!!scatter          c_w.l(__scatter.o)
    0x08000210   0x08000210   0x0000001a   Code   RO          342    !!handler_copy      c_w.l(__scatter_copy.o)
    0x0800022a   0x0800022a   0x00000002   PAD
    0x0800022c   0x0800022c   0x00000002   Code   RO          339    !!handler_null      c_w.l(__scatter.o)
    0x0800022e   0x0800022e   0x00000002   PAD
    0x08000230   0x08000230   0x0000001c   Code   RO          344    !!handler_zi        c_w.l(__scatter_zi.o)
    0x0800024c   0x0800024c   0x00000002   Code   RO          200    .ARM.Collect$$libinit$$00000000  c_w.l(libinit.o)
    0x0800024e   0x0800024e   0x00000004   Code   RO          206    .ARM.Collect$$libinit$$00000001  c_w.l(libinit2.o)
    0x08000252   0x08000252   0x00000000   Code   RO          209    .ARM.Collect$$libinit$$00000004  c_w.l(libinit2.o)
    0x08000252   0x08000252   0x00000000   Code   RO          211    .ARM.Collect$$libinit$$00000006  c_w.l(libinit2.o)
    0x08000252   0x08000252   0x00000000   Code   RO          214    .ARM.Collect$$libinit$$0000000C  c_w.l(libinit2.o)
    0x08000252   0x08000252   0x00000000   Code   RO          216    .ARM.Collect$$libinit$$0000000E  c_w.l(libinit2.o)
    0x08000252   0x08000252   0x00000000   Code   RO          218    .ARM.Collect$$libinit$$00000010  c_w.l(libinit2.o)
    0x08000252   0x08000252   0x00000000   Code   RO          221    .ARM.Collect$$libinit$$00000013  c_w.l(libinit2.o)
    0x08000252   0x08000252   0x00000000   Code   RO          223    .ARM.Collect$$libinit$$00000015  c_w.l(libinit2.o)
    0x08000252   0x08000252   0x00000000   Code   RO          225    .ARM.Collect$$libinit$$00000017  c_w.l(libinit2.o)
    0x08000252   0x08000252   0x00000000   Code   RO          227    .ARM.Collect$$libinit$$00000019  c_w.l(libinit2.o)
    0x08000252   0x08000252   0x00000000   Code   RO          229    .ARM.Collect$$libinit$$0000001B  c_w.l(libinit2.o)
    0x08000252   0x08000252   0x00000000   Code   RO          231    .ARM.Collect$$libinit$$0000001D  c_w.l(libinit2.o)
    0x08000252   0x08000252   0x00000000   Code   RO          233    .ARM.Collect$$libinit$$0000001F  c_w.l(libinit2.o)
    0x08000252   0x08000252   0x00000000   Code   RO          235    .ARM.Collect$$libinit$$00000021  c_w.l(libinit2.o)
    0x08000252   0x08000252   0x00000000   Code   RO          237    .ARM.Collect$$libinit$$00000023  c_w.l(libinit2.o)
    0x08000252   0x08000252   0x00000000   Code   RO          239    .ARM.Collect$$libinit$$00000025  c_w.l(libinit2.o)
    0x08000252   0x08000252   0x00000000   Code   RO          241    .ARM.Collect$$libinit$$00000027  c_w.l(libinit2.o)
    0x08000252   0x08000252   0x00000000   Code   RO          245    .ARM.Collect$$libinit$$0000002E  c_w.l(libinit2.o)
    0x08000252   0x08000252   0x00000000   Code   RO          247    .ARM.Collect$$libinit$$00000030  c_w.l(libinit2.o)
    0x08000252   0x08000252   0x00000000   Code   RO          249    .ARM.Collect$$libinit$$00000032  c_w.l(libinit2.o)
    0x08000252   0x08000252   0x00000000   Code   RO          251    .ARM.Collect$$libinit$$00000034  c_w.l(libinit2.o)
    0x08000252   0x08000252   0x00000002   Code   RO          252    .ARM.Collect$$libinit$$00000035  c_w.l(libinit2.o)
    0x08000254   0x08000254   0x00000002   Code   RO          274    .ARM.Collect$$libshutdown$$00000000  c_w.l(libshutdown.o)
    0x08000256   0x08000256   0x00000000   Code   RO          289    .ARM.Collect$$libshutdown$$00000002  c_w.l(libshutdown2.o)
    0x08000256   0x08000256   0x00000000   Code   RO          291    .ARM.Collect$$libshutdown$$00000004  c_w.l(libshutdown2.o)
    0x08000256   0x08000256   0x00000000   Code   RO          294    .ARM.Collect$$libshutdown$$00000007  c_w.l(libshutdown2.o)
    0x08000256   0x08000256   0x00000000   Code   RO          297    .ARM.Collect$$libshutdown$$0000000A  c_w.l(libshutdown2.o)
    0x08000256   0x08000256   0x00000000   Code   RO          299    .ARM.Collect$$libshutdown$$0000000C  c_w.l(libshutdown2.o)
    0x08000256   0x08000256   0x00000000   Code   RO          302    .ARM.Collect$$libshutdown$$0000000F  c_w.l(libshutdown2.o)
    0x08000256   0x08000256   0x00000002   Code   RO          303    .ARM.Collect$$libshutdown$$00000010  c_w.l(libshutdown2.o)
    0x08000258   0x08000258   0x00000000   Code   RO          175    .ARM.Collect$$rtentry$$00000000  c_w.l(__rtentry.o)
    0x08000258   0x08000258   0x00000000   Code   RO          177    .ARM.Collect$$rtentry$$00000002  c_w.l(__rtentry2.o)
    0x08000258   0x08000258   0x00000006   Code   RO          189    .ARM.Collect$$rtentry$$00000004  c_w.l(__rtentry4.o)
    0x0800025e   0x0800025e   0x00000000   Code   RO          179    .ARM.Collect$$rtentry$$00000009  c_w.l(__rtentry2.o)
    0x0800025e   0x0800025e   0x00000004   Code   RO          180    .ARM.Collect$$rtentry$$0000000A  c_w.l(__rtentry2.o)
    0x08000262   0x08000262   0x00000000   Code   RO          182    .ARM.Collect$$rtentry$$0000000C  c_w.l(__rtentry2.o)
    0x08000262   0x08000262   0x00000008   Code   RO          183    .ARM.Collect$$rtentry$$0000000D  c_w.l(__rtentry2.o)
    0x0800026a   0x0800026a   0x00000002   Code   RO          204    .ARM.Collect$$rtexit$$00000000  c_w.l(rtexit.o)
    0x0800026c   0x0800026c   0x00000000   Code   RO          254    .ARM.Collect$$rtexit$$00000002  c_w.l(rtexit2.o)
    0x0800026c   0x0800026c   0x00000004   Code   RO          255    .ARM.Collect$$rtexit$$00000003  c_w.l(rtexit2.o)
    0x08000270   0x08000270   0x00000006   Code   RO          256    .ARM.Collect$$rtexit$$00000004  c_w.l(rtexit2.o)
    0x08000276   0x08000276   0x00000002   PAD
    0x08000278   0x08000278   0x00000040   Code   RO          149  * .text               startup_stm32f429xx.o
    0x080002b8   0x080002b8   0x00000006   Code   RO          171    .text               c_w.l(heapauxi.o)
    0x080002be   0x080002be   0x0000004a   Code   RO          191    .text               c_w.l(sys_stackheap_outer.o)
    0x08000308   0x08000308   0x00000012   Code   RO          193    .text               c_w.l(exit.o)
    0x0800031a   0x0800031a   0x00000002   PAD
    0x0800031c   0x0800031c   0x00000008   Code   RO          201    .text               c_w.l(libspace.o)
    0x08000324   0x08000324   0x0000000c   Code   RO          264    .text               c_w.l(sys_exit.o)
    0x08000330   0x08000330   0x00000002   Code   RO          279    .text               c_w.l(use_no_semi.o)
    0x08000332   0x08000332   0x00000000   Code   RO          281    .text               c_w.l(indicate_semi.o)
    0x08000332   0x08000332   0x00000002   PAD
    0x08000334   0x08000334   0x00000154   Code   RO          132    .text.CurrentMode   usart.o
    0x08000488   0x08000488   0x0000008e   Code   RO          101    .text.INIT_BUZZ     buzzer.o
    0x08000516   0x08000516   0x00000002   PAD
    0x08000518   0x08000518   0x00000072   Code   RO           93    .text.InitBut       buttons.o
    0x0800058a   0x0800058a   0x00000002   PAD
    0x0800058c   0x0800058c   0x00000060   Code   RO          114    .text.InitLED       led.o
    0x080005ec   0x080005ec   0x00000080   Code   RO           82    .text.Init_BuzzerPitch  timer.o
    0x0800066c   0x0800066c   0x00000058   Code   RO           80    .text.Init_HoldButton  timer.o
    0x080006c4   0x080006c4   0x0000005c   Code   RO           78    .text.Init_Sampling  timer.o
    0x08000720   0x08000720   0x0000002e   Code   RO           63    .text.LCD_strobe    lcd.o
    0x0800074e   0x0800074e   0x00000002   PAD
    0x08000750   0x08000750   0x00000180   Code   RO          126    .text.LDRPuTTyDisplay  usart.o
    0x080008d0   0x080008d0   0x00000186   Code   RO          130    .text.MICPuTTyDisplay  usart.o
    0x08000a56   0x08000a56   0x00000002   PAD
    0x08000a58   0x08000a58   0x00000180   Code   RO          128    .text.POTPuTTyDisplay  usart.o
    0x08000bd8   0x08000bd8   0x0000012e   Code   RO          158    .text.SystemCoreClockUpdate  system_stm32f4xx.o
    0x08000d06   0x08000d06   0x00000002   PAD
    0x08000d08   0x08000d08   0x00000012   Code   RO          156    .text.SystemInit    system_stm32f4xx.o
    0x08000d1a   0x08000d1a   0x00000002   PAD
    0x08000d1c   0x08000d1c   0x0000007c   Code   RO           32    .text.TIM2_IRQHandler  main.o
    0x08000d98   0x08000d98   0x0000010a   Code   RO           34    .text.TIM3_IRQHandler  main.o
    0x08000ea2   0x08000ea2   0x00000002   PAD
    0x08000ea4   0x08000ea4   0x00000074   Code   RO           36    .text.TIM5_IRQHandler  main.o
    0x08000f18   0x08000f18   0x0000000c   Code   RO           59    .text.WaitLcdBusy   lcd.o
    0x08000f24   0x08000f24   0x00000030   Code   RO           65    .text.cmdLCD        lcd.o
    0x08000f54   0x08000f54   0x00000074   Code   RO           69    .text.initLCD       lcd.o
    0x08000fc8   0x08000fc8   0x000000fc   Code   RO            2    .text.init_ADC      adc.o
    0x080010c4   0x080010c4   0x00000040   Code   RO           17    .text.init_DAC      dac.o
    0x08001104   0x08001104   0x000000f6   Code   RO          124    .text.init_USART    usart.o
    0x080011fa   0x080011fa   0x00000002   PAD
    0x080011fc   0x080011fc   0x00000050   Code   RO           57    .text.lcd_delayus   lcd.o
    0x0800124c   0x0800124c   0x000005b4   Code   RO           30    .text.main          main.o
    0x08001800   0x08001800   0x00000030   Code   RO           67    .text.putLCD        lcd.o
    0x08001830   0x08001830   0x00000036   Code   RO            4    .text.read_adc_LDR  adc.o
    0x08001866   0x08001866   0x00000002   PAD
    0x08001868   0x08001868   0x00000036   Code   RO            8    .text.read_adc_MIC  adc.o
    0x0800189e   0x0800189e   0x00000002   PAD
    0x080018a0   0x080018a0   0x00000036   Code   RO            6    .text.read_adc_POT  adc.o
    0x080018d6   0x080018d6   0x00000002   PAD
    0x080018d8   0x080018d8   0x0000002e   Code   RO          122    .text.send_usart    usart.o
    0x08001906   0x08001906   0x00000002   PAD
    0x08001908   0x08001908   0x0000001e   Code   RO           61    .text.set_LCD_data  lcd.o
    0x08001926   0x08001926   0x0000001a   Code   RO          262    x$fpl$fpinit        fz_wm.l(fpinit.o)
    0x08001940   0x08001940   0x00000010   Data   RO          161    .rodata.AHBPrescTable  system_stm32f4xx.o
    0x08001950   0x08001950   0x00000020   Data   RO          337    Region$$Table       anon$$obj.o


    Execution Region ER_RW (Exec base: 0x20000000, Load base: 0x08001970, Size: 0x0000001c, Max: 0xffffffff, ABSOLUTE)

    Exec Addr    Load Addr    Size         Type   Attr      Idx    E Section Name        Object

    0x20000000   0x08001970   0x00000010   Data   RW           84    .data.ARRArray      timer.o
    0x20000010   0x08001980   0x00000004   Data   RW           43    .data.BuzzerDuration  main.o
    0x20000014   0x08001984   0x00000004   Data   RW           85    .data.PSCArray      timer.o
    0x20000018   0x08001988   0x00000004   Data   RW          160    .data.SystemCoreClock  system_stm32f4xx.o


    Execution Region ER_ZI (Exec base: 0x20000020, Load base: 0x0800198c, Size: 0x000006a0, Max: 0xffffffff, ABSOLUTE)

    Exec Addr    Load Addr    Size         Type   Attr      Idx    E Section Name        Object

    0x20000020        -       0x00000060   Zero   RW          202    .bss                c_w.l(libspace.o)
    0x20000080        -       0x00000004   Zero   RW           42    .bss.ButtonMode     main.o
    0x20000084        -       0x00000004   Zero   RW           44    .bss.BuzzerARRValue  main.o
    0x20000088        -       0x00000004   Zero   RW           45    .bss.BuzzerPSCValue  main.o
    0x2000008c        -       0x00000004   Zero   RW           47    .bss.Debounce       main.o
    0x20000090        -       0x00000004   Zero   RW           41    .bss.HoldRelease    main.o
    0x20000094        -       0x00000004   Zero   RW           46    .bss.LCDTopRow      main.o
    0x20000098        -       0x00000004   Zero   RW          134    .bss.LDRValue       usart.o
    0x2000009c        -       0x00000004   Zero   RW          137    .bss.LDRVoltage     usart.o
    0x200000a0        -       0x00000004   Zero   RW          136    .bss.MICValue       usart.o
    0x200000a4        -       0x00000004   Zero   RW          139    .bss.MICVoltage     usart.o
    0x200000a8        -       0x00000004   Zero   RW          135    .bss.POTValue       usart.o
    0x200000ac        -       0x00000004   Zero   RW          138    .bss.POTVoltage     usart.o
    0x200000b0        -       0x00000004   Zero   RW           38    .bss.RedFlash       main.o
    0x200000b4        -       0x00000004   Zero   RW           39    .bss.StartUpLock    main.o
    0x200000b8        -       0x00000004   Zero   RW           48    .bss.i              main.o
    0x200000bc   0x0800198c   0x00000004   PAD
    0x200000c0        -       0x00000200   Zero   RW          147    HEAP                startup_stm32f429xx.o
    0x200002c0        -       0x00000400   Zero   RW          146    STACK               startup_stm32f429xx.o


==============================================================================

Image component sizes


      Code (inc. data)   RO Data    RW Data    ZI Data      Debug   Object Name

       414          0          0          0          0       2502   adc.o
       114          0          0          0          0        959   buttons.o
       142          0          0          0          0       1997   buzzer.o
        64          0          0          0          0       2158   dac.o
       380          0          0          0          0       2464   lcd.o
        96          0          0          0          0        953   led.o
      1966          0          0          4         36       3761   main.o
        64         26        428          0       1536        908   startup_stm32f429xx.o
       320          0         16          4          0       2825   system_stm32f4xx.o
       308          0          0         20          0       2685   timer.o
      1790          0          0          0         24       4156   usart.o

    ----------------------------------------------------------------------
      5682         26        476         28       1600      25368   Object Totals
         0          0         32          0          0          0   (incl. Generated)
        24          0          0          0          4          0   (incl. Padding)

    ----------------------------------------------------------------------

      Code (inc. data)   RO Data    RW Data    ZI Data      Debug   Library Member Name

         8          0          0          0          0         68   __main.o
         0          0          0          0          0          0   __rtentry.o
        12          0          0          0          0          0   __rtentry2.o
         6          0          0          0          0          0   __rtentry4.o
        94          8          0          0          0          0   __scatter.o
        26          0          0          0          0          0   __scatter_copy.o
        28          0          0          0          0          0   __scatter_zi.o
        18          0          0          0          0         80   exit.o
         6          0          0          0          0        152   heapauxi.o
         0          0          0          0          0          0   indicate_semi.o
         2          0          0          0          0          0   libinit.o
         6          0          0          0          0          0   libinit2.o
         2          0          0          0          0          0   libshutdown.o
         2          0          0          0          0          0   libshutdown2.o
         8          4          0          0         96         68   libspace.o
         2          0          0          0          0          0   rtexit.o
        10          0          0          0          0          0   rtexit2.o
        12          4          0          0          0         68   sys_exit.o
        74          0          0          0          0         80   sys_stackheap_outer.o
         2          0          0          0          0         68   use_no_semi.o
        26          0          0          0          0        116   fpinit.o

    ----------------------------------------------------------------------
       354         16          0          0         96        700   Library Totals
        10          0          0          0          0          0   (incl. Padding)

    ----------------------------------------------------------------------

      Code (inc. data)   RO Data    RW Data    ZI Data      Debug   Library Name

       318         16          0          0         96        584   c_w.l
        26          0          0          0          0        116   fz_wm.l

    ----------------------------------------------------------------------
       354         16          0          0         96        700   Library Totals

    ----------------------------------------------------------------------

==============================================================================


      Code (inc. data)   RO Data    RW Data    ZI Data      Debug   

      6036         42        476         28       1696      25800   Grand Totals
      6036         42        476         28       1696      25800   ELF Image Totals
      6036         42        476         28          0          0   ROM Totals

==============================================================================

    Total RO  Size (Code + RO Data)                 6512 (   6.36kB)
    Total RW  Size (RW Data + ZI Data)              1724 (   1.68kB)
    Total ROM Size (Code + RO Data + RW Data)       6540 (   6.39kB)

==============================================================================

